2025-03-26 11:02:00,420 INFO: Expected SECRET_KEY: your_jwt_secret_key [in /Users/admin/Java/prathisthan/Server/app.py:566]
2025-03-26 11:02:00,449 INFO: Total number of books: 78 [in /Users/admin/Java/prathisthan/Server/app.py:1016]
2025-03-26 11:02:04,419 INFO: Received Token: eyJhbGciOiJIUzI1NiIsInR5cCI6IkpXVCJ9.eyJ1c2VyX2lkIjozLCJzZXNzaW9uX2lkIjoiYTllMmM0OWMtZGZhMi00NDhiLTlmYmMtNmU5MjIwZmY3YmQ2IiwiZXhwIjoxNzQyOTcwNjgxLCJyb2xlIjoiYWRtaW4ifQ.EMm8vXuzzjgEkWyxUiJcSUZ0FEgAWKlpwXBPph_4AZ4 [in /Users/admin/Java/prathisthan/Server/app.py:565]
2025-03-26 11:02:04,420 INFO: Expected SECRET_KEY: your_jwt_secret_key [in /Users/admin/Java/prathisthan/Server/app.py:566]
2025-03-26 11:02:04,489 INFO: Total number of books: 78 [in /Users/admin/Java/prathisthan/Server/app.py:1016]
2025-03-26 11:13:33,300 INFO: Received Token: eyJhbGciOiJIUzI1NiIsInR5cCI6IkpXVCJ9.eyJ1c2VyX2lkIjozLCJzZXNzaW9uX2lkIjoiYTllMmM0OWMtZGZhMi00NDhiLTlmYmMtNmU5MjIwZmY3YmQ2IiwiZXhwIjoxNzQyOTcwNjgxLCJyb2xlIjoiYWRtaW4ifQ.EMm8vXuzzjgEkWyxUiJcSUZ0FEgAWKlpwXBPph_4AZ4 [in /Users/admin/Java/prathisthan/Server/app.py:565]
2025-03-26 11:13:33,300 INFO: Expected SECRET_KEY: your_jwt_secret_key [in /Users/admin/Java/prathisthan/Server/app.py:566]
2025-03-26 11:15:03,686 INFO: Received Token: eyJhbGciOiJIUzI1NiIsInR5cCI6IkpXVCJ9.eyJ1c2VyX2lkIjozLCJzZXNzaW9uX2lkIjoiYTllMmM0OWMtZGZhMi00NDhiLTlmYmMtNmU5MjIwZmY3YmQ2IiwiZXhwIjoxNzQyOTcwNjgxLCJyb2xlIjoiYWRtaW4ifQ.EMm8vXuzzjgEkWyxUiJcSUZ0FEgAWKlpwXBPph_4AZ4 [in /Users/admin/Java/prathisthan/Server/app.py:565]
2025-03-26 11:15:03,688 INFO: Expected SECRET_KEY: your_jwt_secret_key [in /Users/admin/Java/prathisthan/Server/app.py:566]
2025-03-26 11:15:03,721 INFO: Total number of books: 78 [in /Users/admin/Java/prathisthan/Server/app.py:1016]
2025-03-26 11:17:29,566 INFO: Received Token: eyJhbGciOiJIUzI1NiIsInR5cCI6IkpXVCJ9.eyJ1c2VyX2lkIjozLCJzZXNzaW9uX2lkIjoiYTllMmM0OWMtZGZhMi00NDhiLTlmYmMtNmU5MjIwZmY3YmQ2IiwiZXhwIjoxNzQyOTcwNjgxLCJyb2xlIjoiYWRtaW4ifQ.EMm8vXuzzjgEkWyxUiJcSUZ0FEgAWKlpwXBPph_4AZ4 [in /Users/admin/Java/prathisthan/Server/app.py:565]
2025-03-26 11:17:29,567 INFO: Expected SECRET_KEY: your_jwt_secret_key [in /Users/admin/Java/prathisthan/Server/app.py:566]
2025-03-26 11:17:29,579 INFO: Total number of books: 78 [in /Users/admin/Java/prathisthan/Server/app.py:1016]
2025-03-26 11:23:23,587 INFO: Received Token: eyJhbGciOiJIUzI1NiIsInR5cCI6IkpXVCJ9.eyJ1c2VyX2lkIjozLCJzZXNzaW9uX2lkIjoiYTllMmM0OWMtZGZhMi00NDhiLTlmYmMtNmU5MjIwZmY3YmQ2IiwiZXhwIjoxNzQyOTcwNjgxLCJyb2xlIjoiYWRtaW4ifQ.EMm8vXuzzjgEkWyxUiJcSUZ0FEgAWKlpwXBPph_4AZ4 [in /Users/admin/Java/prathisthan/Server/app.py:565]
2025-03-26 11:23:23,589 INFO: Expected SECRET_KEY: your_jwt_secret_key [in /Users/admin/Java/prathisthan/Server/app.py:566]
2025-03-26 11:29:28,902 INFO: Received Token: eyJhbGciOiJIUzI1NiIsInR5cCI6IkpXVCJ9.eyJ1c2VyX2lkIjozLCJzZXNzaW9uX2lkIjoiYTllMmM0OWMtZGZhMi00NDhiLTlmYmMtNmU5MjIwZmY3YmQ2IiwiZXhwIjoxNzQyOTcwNjgxLCJyb2xlIjoiYWRtaW4ifQ.EMm8vXuzzjgEkWyxUiJcSUZ0FEgAWKlpwXBPph_4AZ4 [in /Users/admin/Java/prathisthan/Server/app.py:565]
2025-03-26 11:29:28,905 INFO: Expected SECRET_KEY: your_jwt_secret_key [in /Users/admin/Java/prathisthan/Server/app.py:566]
2025-03-26 11:29:56,307 INFO: Received Token: eyJhbGciOiJIUzI1NiIsInR5cCI6IkpXVCJ9.eyJ1c2VyX2lkIjozLCJzZXNzaW9uX2lkIjoiYTllMmM0OWMtZGZhMi00NDhiLTlmYmMtNmU5MjIwZmY3YmQ2IiwiZXhwIjoxNzQyOTcwNjgxLCJyb2xlIjoiYWRtaW4ifQ.EMm8vXuzzjgEkWyxUiJcSUZ0FEgAWKlpwXBPph_4AZ4 [in /Users/admin/Java/prathisthan/Server/app.py:565]
2025-03-26 11:29:56,307 INFO: Expected SECRET_KEY: your_jwt_secret_key [in /Users/admin/Java/prathisthan/Server/app.py:566]
2025-03-26 11:32:42,711 INFO: Received Token: eyJhbGciOiJIUzI1NiIsInR5cCI6IkpXVCJ9.eyJ1c2VyX2lkIjozLCJzZXNzaW9uX2lkIjoiYTllMmM0OWMtZGZhMi00NDhiLTlmYmMtNmU5MjIwZmY3YmQ2IiwiZXhwIjoxNzQyOTcwNjgxLCJyb2xlIjoiYWRtaW4ifQ.EMm8vXuzzjgEkWyxUiJcSUZ0FEgAWKlpwXBPph_4AZ4 [in /Users/admin/Java/prathisthan/Server/app.py:565]
2025-03-26 11:32:42,711 INFO: Expected SECRET_KEY: your_jwt_secret_key [in /Users/admin/Java/prathisthan/Server/app.py:566]
2025-03-26 11:32:42,729 INFO: Total number of books: 78 [in /Users/admin/Java/prathisthan/Server/app.py:1016]
2025-03-26 11:32:53,414 INFO: Received Token: eyJhbGciOiJIUzI1NiIsInR5cCI6IkpXVCJ9.eyJ1c2VyX2lkIjozLCJzZXNzaW9uX2lkIjoiYTllMmM0OWMtZGZhMi00NDhiLTlmYmMtNmU5MjIwZmY3YmQ2IiwiZXhwIjoxNzQyOTcwNjgxLCJyb2xlIjoiYWRtaW4ifQ.EMm8vXuzzjgEkWyxUiJcSUZ0FEgAWKlpwXBPph_4AZ4 [in /Users/admin/Java/prathisthan/Server/app.py:565]
2025-03-26 11:32:53,414 INFO: Expected SECRET_KEY: your_jwt_secret_key [in /Users/admin/Java/prathisthan/Server/app.py:566]
2025-03-26 11:32:53,430 INFO: Total number of books: 78 [in /Users/admin/Java/prathisthan/Server/app.py:1016]
2025-03-26 11:33:06,939 WARNING: Invalid credentials provided [in /Users/admin/Java/prathisthan/Server/app.py:383]
2025-03-26 11:33:13,482 WARNING: Invalid credentials provided [in /Users/admin/Java/prathisthan/Server/app.py:383]
2025-03-26 11:33:28,511 INFO: Received token: eyJhbGciOiJIUzI1NiIsInR5cCI6IkpXVCJ9.eyJ1c2VyX2lkIjo1LCJzZXNzaW9uX2lkIjoiNWRlOTM1MzMtMDZiYy00Zjg2LWI0YTEtYmMwMzNmNmFjMDdmIiwiZXhwIjoxNzQyOTcyNjA4LCJyb2xlIjoidXNlciJ9.k1sdrWOfH0liFe23ATeXA5SVn7Y7ptMi0jVLxbBHaeo [in /Users/admin/Java/prathisthan/Server/app.py:362]
2025-03-26 11:33:28,511 INFO: Received universal token: eyJhbGciOiJIUzI1NiIsInR5cCI6IkpXVCJ9.eyJ1c2VyX2lkIjo1LCJleHAiOjE3NDMxNDE4MDh9.o6vkUqYK4VQrO5j_F5p6rK71wKSVNiVvAroTtxUKGgY [in /Users/admin/Java/prathisthan/Server/app.py:363]
2025-03-26 11:33:33,508 INFO: Received Token: eyJhbGciOiJIUzI1NiIsInR5cCI6IkpXVCJ9.eyJ1c2VyX2lkIjo1LCJzZXNzaW9uX2lkIjoiNWRlOTM1MzMtMDZiYy00Zjg2LWI0YTEtYmMwMzNmNmFjMDdmIiwiZXhwIjoxNzQyOTcyNjA4LCJyb2xlIjoidXNlciJ9.k1sdrWOfH0liFe23ATeXA5SVn7Y7ptMi0jVLxbBHaeo [in /Users/admin/Java/prathisthan/Server/app.py:565]
2025-03-26 11:33:33,508 INFO: Expected SECRET_KEY: your_jwt_secret_key [in /Users/admin/Java/prathisthan/Server/app.py:566]
2025-03-26 11:33:36,502 INFO: Total number of books: 78 [in /Users/admin/Java/prathisthan/Server/app.py:1016]
2025-03-26 11:33:41,294 INFO: Received Token: eyJhbGciOiJIUzI1NiIsInR5cCI6IkpXVCJ9.eyJ1c2VyX2lkIjo1LCJzZXNzaW9uX2lkIjoiNWRlOTM1MzMtMDZiYy00Zjg2LWI0YTEtYmMwMzNmNmFjMDdmIiwiZXhwIjoxNzQyOTcyNjA4LCJyb2xlIjoidXNlciJ9.k1sdrWOfH0liFe23ATeXA5SVn7Y7ptMi0jVLxbBHaeo [in /Users/admin/Java/prathisthan/Server/app.py:565]
2025-03-26 11:33:41,295 INFO: Expected SECRET_KEY: your_jwt_secret_key [in /Users/admin/Java/prathisthan/Server/app.py:566]
2025-03-26 11:33:41,349 INFO: Total number of books: 78 [in /Users/admin/Java/prathisthan/Server/app.py:1016]
2025-03-26 11:33:45,490 INFO: Total number of books: 78 [in /Users/admin/Java/prathisthan/Server/app.py:1016]
2025-03-26 11:33:49,225 INFO: Received Token: eyJhbGciOiJIUzI1NiIsInR5cCI6IkpXVCJ9.eyJ1c2VyX2lkIjo1LCJzZXNzaW9uX2lkIjoiNWRlOTM1MzMtMDZiYy00Zjg2LWI0YTEtYmMwMzNmNmFjMDdmIiwiZXhwIjoxNzQyOTcyNjA4LCJyb2xlIjoidXNlciJ9.k1sdrWOfH0liFe23ATeXA5SVn7Y7ptMi0jVLxbBHaeo [in /Users/admin/Java/prathisthan/Server/app.py:565]
2025-03-26 11:33:49,225 INFO: Expected SECRET_KEY: your_jwt_secret_key [in /Users/admin/Java/prathisthan/Server/app.py:566]
2025-03-26 11:33:49,288 INFO: Total number of books: 78 [in /Users/admin/Java/prathisthan/Server/app.py:1016]
